// Jest Snapshot v1, https://goo.gl/fbAQLP

exports[`render full screen component 1`] = `
<div>
  <div
    class="full"
    style="width: 1024px; height: 768px; background-color: red;"
  >
    Hello
  </div>
</div>
`;
