// Jest Snapshot v1, https://goo.gl/fbAQLP

exports[`carousel component unit testing snapshot 1`] = `
<div>
  <div
    class="container"
    style="width: 0px; height: 768px;"
  >
    <div
      class="carousel active-0"
      data-testid="carousel"
    >
      <div>
        <div
          class="carousel-item"
          style="background-color: rgb(17, 17, 17); color: rgb(255, 255, 255);"
        >
          <div
            class="carousel-item-text"
          >
            <h1>
              xPhone
            </h1>
            <p>
              Lots to love. Less to spend.
            </p>
            <p>
              Starting at $399.
            </p>
          </div>
          <img
            alt=""
            src="iphone.png"
          />
        </div>
      </div>
      <div>
        <div
          class="carousel-item"
          style="background-color: rgb(250, 250, 250); color: rgb(0, 0, 0);"
        >
          <div
            class="carousel-item-text"
          >
            <h1>
              Tablet
            </h1>
            <p>
              Just the right amount of everything.
            </p>
          </div>
          <img
            alt=""
            src="tablet.png"
          />
        </div>
      </div>
      <div>
        <div
          class="carousel-item"
          style="background-color: rgb(241, 241, 243); color: rgb(0, 0, 0);"
        >
          <div
            class="carousel-item-text"
          >
            <h1>
              Buy a Tablet or xPhone for college.
            </h1>
            <h1>
              Get arPods.
            </h1>
          </div>
          <img
            alt=""
            src="airpods.png"
          />
        </div>
      </div>
    </div>
    <div
      class="dotContainer"
    >
      <div
        class="dotBox"
        data-testid="dot_0"
      >
        <div
          class="dotCenter active"
          style="transition: width 3000ms;"
        />
      </div>
      <div
        class="dotBox"
        data-testid="dot_1"
      >
        <div
          class="dotCenter "
        />
      </div>
      <div
        class="dotBox"
        data-testid="dot_2"
      >
        <div
          class="dotCenter "
        />
      </div>
    </div>
  </div>
</div>
`;
