// Jest Snapshot v1, https://goo.gl/fbAQLP

exports[`App Carousel renders Carousel with CarouselItems 1`] = `
<div>
  <div
    class="App"
  >
    <div
      class="carousel"
    >
      <ul
        aria-label="carousel items"
        class="carouselItems"
        style="width: 300%; transform: translateX(calc(-1 * 100% / 3 * 0));"
      >
        <li
          aria-hidden="false"
          aria-label="carousel item"
          class="carouselItemWrapper"
        >
          <div
            class="carouselItem carouselItemIphone"
          >
            <h2
              class="carouselItemTitle"
            >
              xPhone
            </h2>
            <h3
              class="carouselItemSubTitle"
            >
              Lots to love.Less to spend.
Starting at $399.
            </h3>
            <img
              alt="xPhone"
              class="carouselItemImage"
              src="iphone.png"
            />
          </div>
        </li>
        <li
          aria-hidden="true"
          aria-label="carousel item"
          class="carouselItemWrapper"
        >
          <div
            class="carouselItem carouselItemTablet"
          >
            <h2
              class="carouselItemTitle"
            >
              Tablet
            </h2>
            <h3
              class="carouselItemSubTitle"
            >
              Just the right amount of everything.
            </h3>
            <img
              alt="Tablet"
              class="carouselItemImage"
              src="tablet.png"
            />
          </div>
        </li>
        <li
          aria-hidden="true"
          aria-label="carousel item"
          class="carouselItemWrapper"
        >
          <div
            class="carouselItem carouselItemAirPod"
          >
            <h2
              class="carouselItemTitle"
            >
              Buy a Tablet or xPhone for college.
Get airPods.
            </h2>
            <h3
              class="carouselItemSubTitle"
            />
            <img
              alt="Buy a Tablet or xPhone for college.
Get airPods."
              class="carouselItemImage"
              src="airpods.png"
            />
          </div>
        </li>
      </ul>
      <ul
        class="indicators"
      >
        <li
          aria-label="indicator"
          class="indicator"
          role="progressbar"
        >
          <span
            aria-label="indicator progress"
            class="indicatorProgress"
            style="opacity: 1; animation: progress 3000ms linear;"
          />
        </li>
        <li
          aria-label="indicator"
          class="indicator"
          role="progressbar"
        >
          <span
            aria-label="indicator progress"
            class="indicatorProgress"
            style="opacity: 0; animation: none;"
          />
        </li>
        <li
          aria-label="indicator"
          class="indicator"
          role="progressbar"
        >
          <span
            aria-label="indicator progress"
            class="indicatorProgress"
            style="opacity: 0; animation: none;"
          />
        </li>
      </ul>
    </div>
  </div>
</div>
`;
