// Jest Snapshot v1, https://goo.gl/fbAQLP

exports[`carousel 快照 1`] = `
<div>
  <div
    class="carousel_box"
    style="width: 800px; height: 400px;"
  >
    <div
      class="carousel_elements"
      data-testid="elements"
      style="transform: translate3d(-800px, 0, 0);"
    >
      <div
        class="element"
        style="left: 0px;"
      >
        <div
          class="content iphone"
          style="background-color: rgb(241, 241, 243);"
        >
          <div
            class="context"
            style="color: rgb(0, 0, 0);"
          >
            <h1>
              Buy a Tablet Or xPhone for college.
            </h1>
            <h1>
              Get airPods.
            </h1>
          </div>
          <img
            alt="img"
            class="img"
            src="airpods.png"
          />
        </div>
      </div>
      <div
        class="element"
        style="left: 800px;"
      >
        <div
          class="content iphone"
          style="background-color: rgb(17, 17, 17);"
        >
          <div
            class="context"
            style="color: rgb(255, 255, 255);"
          >
            <h1>
              xPhone
            </h1>
            <p>
              <span>
                Lots to love.Less to spend.
              </span>
              <span>
                Starting as $399.
              </span>
            </p>
          </div>
          <img
            alt="img"
            class="img"
            src="iphone.png"
          />
        </div>
      </div>
      <div
        class="element"
        style="left: 1600px;"
      >
        <div
          class="content iphone"
          style="background-color: rgb(250, 250, 250);"
        >
          <div
            class="context"
            style="color: rgb(0, 0, 0);"
          >
            <h1>
              Tablet
            </h1>
            <p>
              <span>
                Just the right amount of everything.
              </span>
            </p>
          </div>
          <img
            alt="img"
            class="img"
            src="tablet.png"
          />
        </div>
      </div>
      <div
        class="element"
        style="left: 2400px;"
      >
        <div
          class="content iphone"
          style="background-color: rgb(241, 241, 243);"
        >
          <div
            class="context"
            style="color: rgb(0, 0, 0);"
          >
            <h1>
              Buy a Tablet Or xPhone for college.
            </h1>
            <h1>
              Get airPods.
            </h1>
          </div>
          <img
            alt="img"
            class="img"
            src="airpods.png"
          />
        </div>
      </div>
      <div
        class="element"
        style="left: 3200px;"
      >
        <div
          class="content iphone"
          style="background-color: rgb(17, 17, 17);"
        >
          <div
            class="context"
            style="color: rgb(255, 255, 255);"
          >
            <h1>
              xPhone
            </h1>
            <p>
              <span>
                Lots to love.Less to spend.
              </span>
              <span>
                Starting as $399.
              </span>
            </p>
          </div>
          <img
            alt="img"
            class="img"
            src="iphone.png"
          />
        </div>
      </div>
    </div>
    <div
      class="controller controller_prev"
      data-testid="prev"
      style="width: 32px; height: 32px;"
    />
    <div
      class="controller controller_next"
      data-testid="next"
      style="width: 32px; height: 32px;"
    />
    <div
      class="indicator"
    >
      <span
        class="indicator_item indicator_active"
        data-testid="indicator_0"
      >
        <b
          style="transition: all 3s linear;"
        />
      </span>
      <span
        class="indicator_item"
        data-testid="indicator_1"
      >
        <b
          style="transition: none;"
        />
      </span>
      <span
        class="indicator_item"
        data-testid="indicator_2"
      >
        <b
          style="transition: none;"
        />
      </span>
    </div>
  </div>
</div>
`;
